[06-Dec-2025 20:45:36 Asia/Jakarta] PHP Fatal error:  Uncaught Error: mysqli_stmt object is already closed in C:\laragon\www\projeks3\actions\drop\drop_add.php:335
Stack trace:
#0 C:\laragon\www\projeks3\actions\drop\drop_add.php(335): mysqli_stmt->close()
#1 {main}
  thrown in C:\laragon\www\projeks3\actions\drop\drop_add.php on line 335
[06-Dec-2025 20:45:48 Asia/Jakarta] PHP Fatal error:  Uncaught Error: mysqli_stmt object is already closed in C:\laragon\www\projeks3\actions\drop\drop_add.php:335
Stack trace:
#0 C:\laragon\www\projeks3\actions\drop\drop_add.php(335): mysqli_stmt->close()
#1 {main}
  thrown in C:\laragon\www\projeks3\actions\drop\drop_add.php on line 335
[06-Dec-2025 20:56:02 Asia/Jakarta] DROP_ADD ERROR: Duplicate entry 'ORD2512-0000' for key 'drops.order_code'
[06-Dec-2025 20:56:53 Asia/Jakarta] DROP_ADD ERROR: Duplicate entry 'ORD2512-0000' for key 'drops.order_code'
[06-Dec-2025 21:28:36 Asia/Jakarta] DROP_ADD ERROR: Duplicate entry 'ORD2512-0000' for key 'drops.order_code'
[06-Dec-2025 21:31:10 Asia/Jakarta] PHP Fatal error:  Uncaught Error: mysqli_stmt object is already closed in C:\laragon\www\projeks3\actions\drop\drop_add.php:353
Stack trace:
#0 C:\laragon\www\projeks3\actions\drop\drop_add.php(353): mysqli_stmt->close()
#1 {main}
  thrown in C:\laragon\www\projeks3\actions\drop\drop_add.php on line 353
[06-Dec-2025 21:33:21 Asia/Jakarta] PHP Fatal error:  Uncaught Error: mysqli_stmt object is already closed in C:\laragon\www\projeks3\actions\drop\drop_add.php:353
Stack trace:
#0 C:\laragon\www\projeks3\actions\drop\drop_add.php(353): mysqli_stmt->close()
#1 {main}
  thrown in C:\laragon\www\projeks3\actions\drop\drop_add.php on line 353
[06-Dec-2025 21:37:45 Asia/Jakarta] PHP Fatal error:  Uncaught Error: mysqli_stmt object is already closed in C:\laragon\www\projeks3\actions\drop\drop_add.php:353
Stack trace:
#0 C:\laragon\www\projeks3\actions\drop\drop_add.php(353): mysqli_stmt->close()
#1 {main}
  thrown in C:\laragon\www\projeks3\actions\drop\drop_add.php on line 353
[06-Dec-2025 21:42:53 Asia/Jakarta] DROP_EDIT ERROR: Nama pelanggan wajib diisi
[06-Dec-2025 21:43:02 Asia/Jakarta] DROP_EDIT ERROR: Nama pelanggan wajib diisi
[06-Dec-2025 21:46:08 Asia/Jakarta] PHP Fatal error:  Uncaught ArgumentCountError: The number of elements in the type definition string must match the number of bind variables in C:\laragon\www\projeks3\actions\drop\drop_edit.php:198
Stack trace:
#0 C:\laragon\www\projeks3\actions\drop\drop_edit.php(198): mysqli_stmt->bind_param('iiisssisi', 38, 44, 7, 'Adidas Supersta...', '2025-12-06', '2025-12-11', 50000.0, 1, '', 7)
#1 {main}
  thrown in C:\laragon\www\projeks3\actions\drop\drop_edit.php on line 198
[06-Dec-2025 21:55:45 Asia/Jakarta] DROP_EDIT: Received POST data: Array
(
    [drop_id] => 7
    [customer_id] => 38
    [items] => Array
        (
            [1] => Array
                (
                    [item_id] => 6
                    [brand] => Adidas Superstar
                    [service_id] => 7
                    [price] => 50000
                    [duration] => 5
                    [trans_date] => 2025-12-06
                    [est_finish_date] => 2025-12-11
                    [status_id] => 2
                    [notes] => sad
                )

        )

    [total_amount] => 50000
    [max_duration] => 5
    [est_finish_date] => 2025-12-11
    [payment_status] => Lunas
    [payment_date] => 2025-12-06
    [payment_method] => Tunai
    [amount_paid] => 110000
    [employee_id] => 44
    [note] => 
)

[06-Dec-2025 21:55:45 Asia/Jakarta] PHP Fatal error:  Uncaught ArgumentCountError: The number of elements in the type definition string must match the number of bind variables in C:\laragon\www\projeks3\actions\drop\drop_edit.php:201
Stack trace:
#0 C:\laragon\www\projeks3\actions\drop\drop_edit.php(201): mysqli_stmt->bind_param('iiisssisi', 38, 44, 7, 'Adidas Supersta...', '2025-12-06', '2025-12-11', 50000.0, 1, '', 7)
#1 {main}
  thrown in C:\laragon\www\projeks3\actions\drop\drop_edit.php on line 201
[06-Dec-2025 15:02:27 UTC] [2025-12-06 15:02:27] === DROP_EDIT START ===
[06-Dec-2025 15:02:27 UTC] [2025-12-06 15:02:27] Checking db.php at: C:\laragon\www\projeks3\actions\drop/../../db.php
[06-Dec-2025 22:02:27 Asia/Jakarta] [2025-12-06 22:02:27] db.php included successfully
[06-Dec-2025 22:02:27 Asia/Jakarta] [2025-12-06 22:02:27] Database connected successfully
[06-Dec-2025 22:02:27 Asia/Jakarta] [2025-12-06 22:02:27] POST data received
Array
(
    [drop_id] => 7
    [customer_id] => 38
    [items] => Array
        (
            [1] => Array
                (
                    [item_id] => 6
                    [brand] => Adidas Superstar
                    [service_id] => 7
                    [price] => 50000
                    [duration] => 5
                    [trans_date] => 2025-12-06
                    [est_finish_date] => 2025-12-11
                    [status_id] => 2
                    [notes] => asdas
                )

        )

    [total_amount] => 50000
    [max_duration] => 5
    [est_finish_date] => 2025-12-11
    [payment_status] => Lunas
    [payment_date] => 2025-12-06
    [payment_method] => Tunai
    [amount_paid] => 110000
    [employee_id] => 44
    [note] => 
)

[06-Dec-2025 22:02:27 Asia/Jakarta] [2025-12-06 22:02:27] Step 1: Validating required fields
[06-Dec-2025 22:02:27 Asia/Jakarta] [2025-12-06 22:02:27] Validation passed
[06-Dec-2025 22:02:27 Asia/Jakarta] [2025-12-06 22:02:27] Step 2: Starting transaction
[06-Dec-2025 22:02:27 Asia/Jakarta] [2025-12-06 22:02:27] Drop ID: 7
[06-Dec-2025 22:02:27 Asia/Jakarta] [2025-12-06 22:02:27] Step 3: Fetching existing drop data
[06-Dec-2025 22:02:27 Asia/Jakarta] [2025-12-06 22:02:27] Existing drop data
Array
(
    [id_drop] => 7
    [order_code] => ORD2512-31470859
    [customer_id] => 38
    [service_id] => 4
    [brand] => Nike
    [trans_date] => 2025-12-06
    [est_finish_date] => 2025-12-11
    [actual_finish_date] => 
    [total_amount] => 50000.00
    [total_items] => 2
    [employee_id] => 44
    [customer_phone] => 08990281476
    [notes] => 
    [note] => 
    [created_at] => 2025-12-06 21:31:10
    [updated_at] => 2025-12-06 21:38:07
    [customer_name] => Aril
    [id_customer] => 38
)

[06-Dec-2025 22:02:27 Asia/Jakarta] [2025-12-06 22:02:27] Step 4: Processing customer data
[06-Dec-2025 22:02:27 Asia/Jakarta] [2025-12-06 22:02:27] Customer info
Array
(
    [name] => Aril
    [phone] => 08990281476
)

[06-Dec-2025 22:02:27 Asia/Jakarta] [2025-12-06 22:02:27] Using existing customer ID: 38
[06-Dec-2025 22:02:27 Asia/Jakarta] [2025-12-06 22:02:27] Step 5: Processing form data
[06-Dec-2025 22:02:27 Asia/Jakarta] [2025-12-06 22:02:27] Form data
Array
(
    [employee_id] => 44
    [total_amount] => 50000
    [payment_status] => Lunas
    [item_count] => 1
)

[06-Dec-2025 22:02:27 Asia/Jakarta] [2025-12-06 22:02:27] Calculated dates
Array
(
    [trans_date] => 2025-12-06
    [max_duration] => 5
    [est_finish_date] => 2025-12-11
)

[06-Dec-2025 22:02:27 Asia/Jakarta] [2025-12-06 22:02:27] Step 6: Updating drop order
[06-Dec-2025 22:02:27 Asia/Jakarta] [2025-12-06 22:02:27] Drop order updated successfully
[06-Dec-2025 22:02:27 Asia/Jakarta] [2025-12-06 22:02:27] Step 7: Deleting old items
[06-Dec-2025 22:02:27 Asia/Jakarta] [2025-12-06 22:02:27] Deleted 1 old items
[06-Dec-2025 22:02:27 Asia/Jakarta] [2025-12-06 22:02:27] Step 8: Inserting new items
[06-Dec-2025 22:02:27 Asia/Jakarta] [2025-12-06 22:02:27] Processing item #2
Array
(
    [item_id] => 6
    [brand] => Adidas Superstar
    [service_id] => 7
    [price] => 50000
    [duration] => 5
    [trans_date] => 2025-12-06
    [est_finish_date] => 2025-12-11
    [status_id] => 2
    [notes] => asdas
)

[06-Dec-2025 22:02:27 Asia/Jakarta] [2025-12-06 22:02:27] Item #1 inserted with ID: 9
[06-Dec-2025 22:02:27 Asia/Jakarta] [2025-12-06 22:02:27] Step 9: Updating payment
[06-Dec-2025 22:02:27 Asia/Jakarta] [2025-12-06 22:02:27] Updating existing payment
[06-Dec-2025 22:02:27 Asia/Jakarta] [2025-12-06 22:02:27] Payment updated successfully
[06-Dec-2025 22:02:27 Asia/Jakarta] [2025-12-06 22:02:27] Step 10: Updating deadline
[06-Dec-2025 22:02:27 Asia/Jakarta] [2025-12-06 22:02:27] Updating existing deadline
[06-Dec-2025 22:02:27 Asia/Jakarta] [2025-12-06 22:02:27] Deadline updated successfully
[06-Dec-2025 22:02:27 Asia/Jakarta] [2025-12-06 22:02:27] Step 11: Committing transaction
[06-Dec-2025 22:02:27 Asia/Jakarta] [2025-12-06 22:02:27] Transaction committed successfully
[06-Dec-2025 22:02:27 Asia/Jakarta] [2025-12-06 22:02:27] SUCCESS
Array
(
    [success] => 1
    [message] => Pesanan berhasil diupdate
    [drop_id] => 7
    [customer_id] => 38
    [item_count] => 1
)

[06-Dec-2025 22:02:27 Asia/Jakarta] PHP Fatal error:  Uncaught Error: mysqli_stmt object is already closed in C:\laragon\www\projeks3\actions\drop\drop_edit.php:470
Stack trace:
#0 C:\laragon\www\projeks3\actions\drop\drop_edit.php(470): mysqli_stmt->close()
#1 {main}
  thrown in C:\laragon\www\projeks3\actions\drop\drop_edit.php on line 470
[06-Dec-2025 15:02:47 UTC] [2025-12-06 15:02:47] === DROP_EDIT START ===
[06-Dec-2025 15:02:47 UTC] [2025-12-06 15:02:47] Checking db.php at: C:\laragon\www\projeks3\actions\drop/../../db.php
[06-Dec-2025 22:02:47 Asia/Jakarta] [2025-12-06 22:02:47] db.php included successfully
[06-Dec-2025 22:02:47 Asia/Jakarta] [2025-12-06 22:02:47] Database connected successfully
[06-Dec-2025 22:02:47 Asia/Jakarta] [2025-12-06 22:02:47] POST data received
Array
(
    [drop_id] => 7
    [customer_id] => 38
    [items] => Array
        (
            [1] => Array
                (
                    [item_id] => 6
                    [brand] => Adidas Superstar
                    [service_id] => 7
                    [price] => 50000
                    [duration] => 5
                    [trans_date] => 2025-12-06
                    [est_finish_date] => 2025-12-11
                    [status_id] => 2
                    [notes] => asdas
                )

        )

    [total_amount] => 50000
    [max_duration] => 5
    [est_finish_date] => 2025-12-11
    [payment_status] => Lunas
    [payment_date] => 2025-12-06
    [payment_method] => Tunai
    [amount_paid] => 110000
    [employee_id] => 44
    [note] => 
)

[06-Dec-2025 22:02:47 Asia/Jakarta] [2025-12-06 22:02:47] Step 1: Validating required fields
[06-Dec-2025 22:02:47 Asia/Jakarta] [2025-12-06 22:02:47] Validation passed
[06-Dec-2025 22:02:47 Asia/Jakarta] [2025-12-06 22:02:47] Step 2: Starting transaction
[06-Dec-2025 22:02:47 Asia/Jakarta] [2025-12-06 22:02:47] Drop ID: 7
[06-Dec-2025 22:02:47 Asia/Jakarta] [2025-12-06 22:02:47] Step 3: Fetching existing drop data
[06-Dec-2025 22:02:47 Asia/Jakarta] [2025-12-06 22:02:47] Existing drop data
Array
(
    [id_drop] => 7
    [order_code] => ORD2512-31470859
    [customer_id] => 38
    [service_id] => 7
    [brand] => Adidas Superstar
    [trans_date] => 2025-12-06
    [est_finish_date] => 2025-12-11
    [actual_finish_date] => 
    [total_amount] => 50000.00
    [total_items] => 1
    [employee_id] => 44
    [customer_phone] => 08990281476
    [notes] => 
    [note] => 
    [created_at] => 2025-12-06 21:31:10
    [updated_at] => 2025-12-06 22:02:27
    [customer_name] => Aril
    [id_customer] => 38
)

[06-Dec-2025 22:02:47 Asia/Jakarta] [2025-12-06 22:02:47] Step 4: Processing customer data
[06-Dec-2025 22:02:47 Asia/Jakarta] [2025-12-06 22:02:47] Customer info
Array
(
    [name] => Aril
    [phone] => 08990281476
)

[06-Dec-2025 22:02:47 Asia/Jakarta] [2025-12-06 22:02:47] Using existing customer ID: 38
[06-Dec-2025 22:02:47 Asia/Jakarta] [2025-12-06 22:02:47] Step 5: Processing form data
[06-Dec-2025 22:02:47 Asia/Jakarta] [2025-12-06 22:02:47] Form data
Array
(
    [employee_id] => 44
    [total_amount] => 50000
    [payment_status] => Lunas
    [item_count] => 1
)

[06-Dec-2025 22:02:47 Asia/Jakarta] [2025-12-06 22:02:47] Calculated dates
Array
(
    [trans_date] => 2025-12-06
    [max_duration] => 5
    [est_finish_date] => 2025-12-11
)

[06-Dec-2025 22:02:47 Asia/Jakarta] [2025-12-06 22:02:47] Step 6: Updating drop order
[06-Dec-2025 22:02:47 Asia/Jakarta] [2025-12-06 22:02:47] Drop order updated successfully
[06-Dec-2025 22:02:47 Asia/Jakarta] [2025-12-06 22:02:47] Step 7: Deleting old items
[06-Dec-2025 22:02:47 Asia/Jakarta] [2025-12-06 22:02:47] Deleted 1 old items
[06-Dec-2025 22:02:47 Asia/Jakarta] [2025-12-06 22:02:47] Step 8: Inserting new items
[06-Dec-2025 22:02:47 Asia/Jakarta] [2025-12-06 22:02:47] Processing item #2
Array
(
    [item_id] => 6
    [brand] => Adidas Superstar
    [service_id] => 7
    [price] => 50000
    [duration] => 5
    [trans_date] => 2025-12-06
    [est_finish_date] => 2025-12-11
    [status_id] => 2
    [notes] => asdas
)

[06-Dec-2025 22:02:47 Asia/Jakarta] [2025-12-06 22:02:47] Item #1 inserted with ID: 10
[06-Dec-2025 22:02:47 Asia/Jakarta] [2025-12-06 22:02:47] Step 9: Updating payment
[06-Dec-2025 22:02:47 Asia/Jakarta] [2025-12-06 22:02:47] Updating existing payment
[06-Dec-2025 22:02:47 Asia/Jakarta] [2025-12-06 22:02:47] Payment updated successfully
[06-Dec-2025 22:02:47 Asia/Jakarta] [2025-12-06 22:02:47] Step 10: Updating deadline
[06-Dec-2025 22:02:47 Asia/Jakarta] [2025-12-06 22:02:47] Updating existing deadline
[06-Dec-2025 22:02:47 Asia/Jakarta] [2025-12-06 22:02:47] Deadline updated successfully
[06-Dec-2025 22:02:47 Asia/Jakarta] [2025-12-06 22:02:47] Step 11: Committing transaction
[06-Dec-2025 22:02:47 Asia/Jakarta] [2025-12-06 22:02:47] Transaction committed successfully
[06-Dec-2025 22:02:47 Asia/Jakarta] [2025-12-06 22:02:47] SUCCESS
Array
(
    [success] => 1
    [message] => Pesanan berhasil diupdate
    [drop_id] => 7
    [customer_id] => 38
    [item_count] => 1
)

[06-Dec-2025 22:02:47 Asia/Jakarta] PHP Fatal error:  Uncaught Error: mysqli_stmt object is already closed in C:\laragon\www\projeks3\actions\drop\drop_edit.php:470
Stack trace:
#0 C:\laragon\www\projeks3\actions\drop\drop_edit.php(470): mysqli_stmt->close()
#1 {main}
  thrown in C:\laragon\www\projeks3\actions\drop\drop_edit.php on line 470
[06-Dec-2025 15:02:50 UTC] [2025-12-06 15:02:50] === DROP_EDIT START ===
[06-Dec-2025 15:02:50 UTC] [2025-12-06 15:02:50] Checking db.php at: C:\laragon\www\projeks3\actions\drop/../../db.php
[06-Dec-2025 22:02:50 Asia/Jakarta] [2025-12-06 22:02:50] db.php included successfully
[06-Dec-2025 22:02:50 Asia/Jakarta] [2025-12-06 22:02:50] Database connected successfully
[06-Dec-2025 22:02:50 Asia/Jakarta] [2025-12-06 22:02:50] POST data received
Array
(
    [drop_id] => 7
    [customer_id] => 38
    [items] => Array
        (
            [1] => Array
                (
                    [item_id] => 6
                    [brand] => Adidas Superstar
                    [service_id] => 7
                    [price] => 50000
                    [duration] => 5
                    [trans_date] => 2025-12-06
                    [est_finish_date] => 2025-12-11
                    [status_id] => 2
                    [notes] => asdas
                )

        )

    [total_amount] => 50000
    [max_duration] => 5
    [est_finish_date] => 2025-12-11
    [payment_status] => Lunas
    [payment_date] => 2025-12-06
    [payment_method] => Tunai
    [amount_paid] => 110000
    [employee_id] => 44
    [note] => 
)

[06-Dec-2025 22:02:50 Asia/Jakarta] [2025-12-06 22:02:50] Step 1: Validating required fields
[06-Dec-2025 22:02:50 Asia/Jakarta] [2025-12-06 22:02:50] Validation passed
[06-Dec-2025 22:02:50 Asia/Jakarta] [2025-12-06 22:02:50] Step 2: Starting transaction
[06-Dec-2025 22:02:50 Asia/Jakarta] [2025-12-06 22:02:50] Drop ID: 7
[06-Dec-2025 22:02:50 Asia/Jakarta] [2025-12-06 22:02:50] Step 3: Fetching existing drop data
[06-Dec-2025 22:02:50 Asia/Jakarta] [2025-12-06 22:02:50] Existing drop data
Array
(
    [id_drop] => 7
    [order_code] => ORD2512-31470859
    [customer_id] => 38
    [service_id] => 7
    [brand] => Adidas Superstar
    [trans_date] => 2025-12-06
    [est_finish_date] => 2025-12-11
    [actual_finish_date] => 
    [total_amount] => 50000.00
    [total_items] => 1
    [employee_id] => 44
    [customer_phone] => 08990281476
    [notes] => 
    [note] => 
    [created_at] => 2025-12-06 21:31:10
    [updated_at] => 2025-12-06 22:02:27
    [customer_name] => Aril
    [id_customer] => 38
)

[06-Dec-2025 22:02:50 Asia/Jakarta] [2025-12-06 22:02:50] Step 4: Processing customer data
[06-Dec-2025 22:02:50 Asia/Jakarta] [2025-12-06 22:02:50] Customer info
Array
(
    [name] => Aril
    [phone] => 08990281476
)

[06-Dec-2025 22:02:50 Asia/Jakarta] [2025-12-06 22:02:50] Using existing customer ID: 38
[06-Dec-2025 22:02:50 Asia/Jakarta] [2025-12-06 22:02:50] Step 5: Processing form data
[06-Dec-2025 22:02:50 Asia/Jakarta] [2025-12-06 22:02:50] Form data
Array
(
    [employee_id] => 44
    [total_amount] => 50000
    [payment_status] => Lunas
    [item_count] => 1
)

[06-Dec-2025 22:02:50 Asia/Jakarta] [2025-12-06 22:02:50] Calculated dates
Array
(
    [trans_date] => 2025-12-06
    [max_duration] => 5
    [est_finish_date] => 2025-12-11
)

[06-Dec-2025 22:02:50 Asia/Jakarta] [2025-12-06 22:02:50] Step 6: Updating drop order
[06-Dec-2025 22:02:50 Asia/Jakarta] [2025-12-06 22:02:50] Drop order updated successfully
[06-Dec-2025 22:02:50 Asia/Jakarta] [2025-12-06 22:02:50] Step 7: Deleting old items
[06-Dec-2025 22:02:50 Asia/Jakarta] [2025-12-06 22:02:50] Deleted 1 old items
[06-Dec-2025 22:02:50 Asia/Jakarta] [2025-12-06 22:02:50] Step 8: Inserting new items
[06-Dec-2025 22:02:50 Asia/Jakarta] [2025-12-06 22:02:50] Processing item #2
Array
(
    [item_id] => 6
    [brand] => Adidas Superstar
    [service_id] => 7
    [price] => 50000
    [duration] => 5
    [trans_date] => 2025-12-06
    [est_finish_date] => 2025-12-11
    [status_id] => 2
    [notes] => asdas
)

[06-Dec-2025 22:02:50 Asia/Jakarta] [2025-12-06 22:02:50] Item #1 inserted with ID: 11
[06-Dec-2025 22:02:50 Asia/Jakarta] [2025-12-06 22:02:50] Step 9: Updating payment
[06-Dec-2025 22:02:50 Asia/Jakarta] [2025-12-06 22:02:50] Updating existing payment
[06-Dec-2025 22:02:50 Asia/Jakarta] [2025-12-06 22:02:50] Payment updated successfully
[06-Dec-2025 22:02:50 Asia/Jakarta] [2025-12-06 22:02:50] Step 10: Updating deadline
[06-Dec-2025 22:02:50 Asia/Jakarta] [2025-12-06 22:02:50] Updating existing deadline
[06-Dec-2025 22:02:50 Asia/Jakarta] [2025-12-06 22:02:50] Deadline updated successfully
[06-Dec-2025 22:02:50 Asia/Jakarta] [2025-12-06 22:02:50] Step 11: Committing transaction
[06-Dec-2025 22:02:50 Asia/Jakarta] [2025-12-06 22:02:50] Transaction committed successfully
[06-Dec-2025 22:02:50 Asia/Jakarta] [2025-12-06 22:02:50] SUCCESS
Array
(
    [success] => 1
    [message] => Pesanan berhasil diupdate
    [drop_id] => 7
    [customer_id] => 38
    [item_count] => 1
)

[06-Dec-2025 22:02:50 Asia/Jakarta] PHP Fatal error:  Uncaught Error: mysqli_stmt object is already closed in C:\laragon\www\projeks3\actions\drop\drop_edit.php:470
Stack trace:
#0 C:\laragon\www\projeks3\actions\drop\drop_edit.php(470): mysqli_stmt->close()
#1 {main}
  thrown in C:\laragon\www\projeks3\actions\drop\drop_edit.php on line 470
[06-Dec-2025 15:04:21 UTC] [2025-12-06 15:04:21] === DROP_EDIT START ===
[06-Dec-2025 15:04:21 UTC] [2025-12-06 15:04:21] Checking db.php at: C:\laragon\www\projeks3\actions\drop/../../db.php
[06-Dec-2025 22:04:21 Asia/Jakarta] [2025-12-06 22:04:21] db.php included successfully
[06-Dec-2025 22:04:21 Asia/Jakarta] [2025-12-06 22:04:21] Database connected successfully
[06-Dec-2025 22:04:21 Asia/Jakarta] [2025-12-06 22:04:21] POST data received
Array
(
    [drop_id] => 7
    [customer_id] => 38
    [items] => Array
        (
            [1] => Array
                (
                    [item_id] => 11
                    [brand] => Adidas Superstar
                    [service_id] => 7
                    [price] => 50000
                    [duration] => 5
                    [trans_date] => 2025-12-06
                    [est_finish_date] => 2025-12-11
                    [status_id] => 2
                    [notes] => asdas
                )

        )

    [total_amount] => 50000
    [max_duration] => 5
    [est_finish_date] => 2025-12-11
    [payment_status] => Lunas
    [payment_date] => 2025-12-06
    [payment_method] => Tunai
    [amount_paid] => 110000
    [employee_id] => 44
    [note] => 
)

[06-Dec-2025 22:04:21 Asia/Jakarta] [2025-12-06 22:04:21] Step 1: Validating required fields
[06-Dec-2025 22:04:21 Asia/Jakarta] [2025-12-06 22:04:21] Validation passed
[06-Dec-2025 22:04:21 Asia/Jakarta] [2025-12-06 22:04:21] Step 2: Starting transaction
[06-Dec-2025 22:04:21 Asia/Jakarta] [2025-12-06 22:04:21] Drop ID: 7
[06-Dec-2025 22:04:21 Asia/Jakarta] [2025-12-06 22:04:21] Step 3: Fetching existing drop data
[06-Dec-2025 22:04:21 Asia/Jakarta] [2025-12-06 22:04:21] Existing drop data
Array
(
    [id_drop] => 7
    [order_code] => ORD2512-31470859
    [customer_id] => 38
    [service_id] => 7
    [brand] => Adidas Superstar
    [trans_date] => 2025-12-06
    [est_finish_date] => 2025-12-11
    [actual_finish_date] => 
    [total_amount] => 50000.00
    [total_items] => 1
    [employee_id] => 44
    [customer_phone] => 08990281476
    [notes] => 
    [note] => 
    [created_at] => 2025-12-06 21:31:10
    [updated_at] => 2025-12-06 22:02:27
    [customer_name] => Aril
    [id_customer] => 38
)

[06-Dec-2025 22:04:21 Asia/Jakarta] [2025-12-06 22:04:21] Step 4: Processing customer data
[06-Dec-2025 22:04:21 Asia/Jakarta] [2025-12-06 22:04:21] Customer info
Array
(
    [name] => Aril
    [phone] => 08990281476
)

[06-Dec-2025 22:04:21 Asia/Jakarta] [2025-12-06 22:04:21] Using existing customer ID: 38
[06-Dec-2025 22:04:21 Asia/Jakarta] [2025-12-06 22:04:21] Step 5: Processing form data
[06-Dec-2025 22:04:21 Asia/Jakarta] [2025-12-06 22:04:21] Form data
Array
(
    [employee_id] => 44
    [total_amount] => 50000
    [payment_status] => Lunas
    [item_count] => 1
)

[06-Dec-2025 22:04:21 Asia/Jakarta] [2025-12-06 22:04:21] Calculated dates
Array
(
    [trans_date] => 2025-12-06
    [max_duration] => 5
    [est_finish_date] => 2025-12-11
)

[06-Dec-2025 22:04:21 Asia/Jakarta] [2025-12-06 22:04:21] Step 6: Updating drop order
[06-Dec-2025 22:04:21 Asia/Jakarta] [2025-12-06 22:04:21] Drop order updated successfully
[06-Dec-2025 22:04:21 Asia/Jakarta] [2025-12-06 22:04:21] Step 7: Deleting old items
[06-Dec-2025 22:04:21 Asia/Jakarta] [2025-12-06 22:04:21] Deleted 1 old items
[06-Dec-2025 22:04:21 Asia/Jakarta] [2025-12-06 22:04:21] Step 8: Inserting new items
[06-Dec-2025 22:04:21 Asia/Jakarta] [2025-12-06 22:04:21] Processing item #2
Array
(
    [item_id] => 11
    [brand] => Adidas Superstar
    [service_id] => 7
    [price] => 50000
    [duration] => 5
    [trans_date] => 2025-12-06
    [est_finish_date] => 2025-12-11
    [status_id] => 2
    [notes] => asdas
)

[06-Dec-2025 22:04:21 Asia/Jakarta] [2025-12-06 22:04:21] Item #1 inserted with ID: 12
[06-Dec-2025 22:04:21 Asia/Jakarta] [2025-12-06 22:04:21] Step 9: Updating payment
[06-Dec-2025 22:04:21 Asia/Jakarta] [2025-12-06 22:04:21] Updating existing payment
[06-Dec-2025 22:04:21 Asia/Jakarta] [2025-12-06 22:04:21] Payment updated successfully
[06-Dec-2025 22:04:22 Asia/Jakarta] [2025-12-06 22:04:22] Step 10: Updating deadline
[06-Dec-2025 22:04:22 Asia/Jakarta] [2025-12-06 22:04:22] Updating existing deadline
[06-Dec-2025 22:04:22 Asia/Jakarta] [2025-12-06 22:04:22] Deadline updated successfully
[06-Dec-2025 22:04:22 Asia/Jakarta] [2025-12-06 22:04:22] Step 11: Committing transaction
[06-Dec-2025 22:04:22 Asia/Jakarta] [2025-12-06 22:04:22] Transaction committed successfully
[06-Dec-2025 22:04:22 Asia/Jakarta] [2025-12-06 22:04:22] SUCCESS
Array
(
    [success] => 1
    [message] => Pesanan berhasil diupdate
    [drop_id] => 7
    [customer_id] => 38
    [item_count] => 1
)

[06-Dec-2025 22:04:22 Asia/Jakarta] [2025-12-06 22:04:22] === DROP_EDIT END ===

[06-Dec-2025 15:06:58 UTC] [2025-12-06 15:06:58] === DROP_EDIT START ===
[06-Dec-2025 15:06:58 UTC] [2025-12-06 15:06:58] Checking db.php at: C:\laragon\www\projeks3\actions\drop/../../db.php
[06-Dec-2025 22:06:58 Asia/Jakarta] [2025-12-06 22:06:58] db.php included successfully
[06-Dec-2025 22:06:58 Asia/Jakarta] [2025-12-06 22:06:58] Database connected successfully
[06-Dec-2025 22:06:58 Asia/Jakarta] [2025-12-06 22:06:58] POST data received
Array
(
    [drop_id] => 8
    [customer_id] => 38
    [customer_name] => Aril
    [phone_number] => 08990281476
    [items] => Array
        (
            [1] => Array
                (
                    [item_id] => 7
                    [brand] => Nike Air Max
                    [service_id] => 3
                    [price] => 40000
                    [duration] => 4
                    [trans_date] => 2025-12-06
                    [est_finish_date] => 2025-12-10
                    [status_id] => 2
                    [notes] => sdfdsf
                )

        )

    [total_amount] => 40000
    [max_duration] => 4
    [est_finish_date] => 2025-12-10
    [payment_status] => Lunas
    [payment_date] => 2025-12-06
    [payment_method] => Tunai
    [amount_paid] => 70000
    [employee_id] => 44
    [note] => 
)

[06-Dec-2025 22:06:58 Asia/Jakarta] [2025-12-06 22:06:58] Step 1: Validating required fields
[06-Dec-2025 22:06:58 Asia/Jakarta] [2025-12-06 22:06:58] Validation passed
[06-Dec-2025 22:06:58 Asia/Jakarta] [2025-12-06 22:06:58] Step 2: Starting transaction
[06-Dec-2025 22:06:58 Asia/Jakarta] [2025-12-06 22:06:58] Drop ID: 8
[06-Dec-2025 22:06:58 Asia/Jakarta] [2025-12-06 22:06:58] Step 3: Fetching existing drop data
[06-Dec-2025 22:06:58 Asia/Jakarta] [2025-12-06 22:06:58] Existing drop data
Array
(
    [id_drop] => 8
    [order_code] => ORD2512-31601498
    [customer_id] => 38
    [service_id] => 3
    [brand] => Nike Air Max
    [trans_date] => 2025-12-06
    [est_finish_date] => 2025-12-10
    [actual_finish_date] => 
    [total_amount] => 40000.00
    [total_items] => 1
    [employee_id] => 44
    [customer_phone] => 08990281476
    [notes] => 
    [note] => 
    [created_at] => 2025-12-06 21:33:21
    [updated_at] => 2025-12-06 21:33:21
    [customer_name] => Aril
    [id_customer] => 38
)

[06-Dec-2025 22:06:58 Asia/Jakarta] [2025-12-06 22:06:58] Step 4: Processing customer data
[06-Dec-2025 22:06:58 Asia/Jakarta] [2025-12-06 22:06:58] Customer info
Array
(
    [name] => Aril
    [phone] => 08990281476
)

[06-Dec-2025 22:06:58 Asia/Jakarta] [2025-12-06 22:06:58] Using existing customer ID: 38
[06-Dec-2025 22:06:58 Asia/Jakarta] [2025-12-06 22:06:58] Step 5: Processing form data
[06-Dec-2025 22:06:58 Asia/Jakarta] [2025-12-06 22:06:58] Form data
Array
(
    [employee_id] => 44
    [total_amount] => 40000
    [payment_status] => Lunas
    [item_count] => 1
)

[06-Dec-2025 22:06:58 Asia/Jakarta] [2025-12-06 22:06:58] Calculated dates
Array
(
    [trans_date] => 2025-12-06
    [max_duration] => 4
    [est_finish_date] => 2025-12-10
)

[06-Dec-2025 22:06:58 Asia/Jakarta] [2025-12-06 22:06:58] Step 6: Updating drop order
[06-Dec-2025 22:06:58 Asia/Jakarta] [2025-12-06 22:06:58] Drop order updated successfully
[06-Dec-2025 22:06:58 Asia/Jakarta] [2025-12-06 22:06:58] Step 7: Deleting old items
[06-Dec-2025 22:06:58 Asia/Jakarta] [2025-12-06 22:06:58] Deleted 1 old items
[06-Dec-2025 22:06:58 Asia/Jakarta] [2025-12-06 22:06:58] Step 8: Inserting new items
[06-Dec-2025 22:06:58 Asia/Jakarta] [2025-12-06 22:06:58] Processing item #2
Array
(
    [item_id] => 7
    [brand] => Nike Air Max
    [service_id] => 3
    [price] => 40000
    [duration] => 4
    [trans_date] => 2025-12-06
    [est_finish_date] => 2025-12-10
    [status_id] => 2
    [notes] => sdfdsf
)

[06-Dec-2025 22:06:58 Asia/Jakarta] [2025-12-06 22:06:58] Item #1 inserted with ID: 13
[06-Dec-2025 22:06:58 Asia/Jakarta] [2025-12-06 22:06:58] Step 9: Updating payment
[06-Dec-2025 22:06:58 Asia/Jakarta] [2025-12-06 22:06:58] Updating existing payment
[06-Dec-2025 22:06:58 Asia/Jakarta] [2025-12-06 22:06:58] Payment updated successfully
[06-Dec-2025 22:06:58 Asia/Jakarta] [2025-12-06 22:06:58] Step 10: Updating deadline
[06-Dec-2025 22:06:58 Asia/Jakarta] [2025-12-06 22:06:58] Updating existing deadline
[06-Dec-2025 22:06:58 Asia/Jakarta] [2025-12-06 22:06:58] Deadline updated successfully
[06-Dec-2025 22:06:58 Asia/Jakarta] [2025-12-06 22:06:58] Step 11: Committing transaction
[06-Dec-2025 22:06:58 Asia/Jakarta] [2025-12-06 22:06:58] Transaction committed successfully
[06-Dec-2025 22:06:58 Asia/Jakarta] [2025-12-06 22:06:58] SUCCESS
Array
(
    [success] => 1
    [message] => Pesanan berhasil diupdate
    [drop_id] => 8
    [customer_id] => 38
    [item_count] => 1
)

[06-Dec-2025 22:06:58 Asia/Jakarta] [2025-12-06 22:06:58] === DROP_EDIT END ===

[06-Dec-2025 22:07:15 Asia/Jakarta] DROP_UPDATE_ITEM_STATUS ERROR: ID Item tidak valid
[06-Dec-2025 22:11:13 Asia/Jakarta] DROP_UPDATE_ITEM_STATUS ERROR: Unknown column 'updated_at' in 'field list'
[06-Dec-2025 22:11:13 Asia/Jakarta] PHP Fatal error:  Uncaught Error: mysqli_stmt object is already closed in C:\laragon\www\projeks3\actions\drop\drop_update_item_status.php:190
Stack trace:
#0 C:\laragon\www\projeks3\actions\drop\drop_update_item_status.php(190): mysqli_stmt->close()
#1 {main}
  thrown in C:\laragon\www\projeks3\actions\drop\drop_update_item_status.php on line 190
[06-Dec-2025 22:12:38 Asia/Jakarta] PHP Fatal error:  Uncaught Error: mysqli_stmt object is already closed in C:\laragon\www\projeks3\actions\drop\drop_update_item_status.php:203
Stack trace:
#0 C:\laragon\www\projeks3\actions\drop\drop_update_item_status.php(203): mysqli_stmt->close()
#1 {main}
  thrown in C:\laragon\www\projeks3\actions\drop\drop_update_item_status.php on line 203
[06-Dec-2025 22:15:07 Asia/Jakarta] PHP Fatal error:  Uncaught Error: mysqli_stmt object is already closed in C:\laragon\www\projeks3\actions\drop\drop_update_item_status.php:203
Stack trace:
#0 C:\laragon\www\projeks3\actions\drop\drop_update_item_status.php(203): mysqli_stmt->close()
#1 {main}
  thrown in C:\laragon\www\projeks3\actions\drop\drop_update_item_status.php on line 203
[06-Dec-2025 22:17:38 Asia/Jakarta] PHP Fatal error:  Uncaught Error: mysqli_stmt object is already closed in C:\laragon\www\projeks3\actions\drop\drop_update_item_status.php:203
Stack trace:
#0 C:\laragon\www\projeks3\actions\drop\drop_update_item_status.php(203): mysqli_stmt->close()
#1 {main}
  thrown in C:\laragon\www\projeks3\actions\drop\drop_update_item_status.php on line 203
[06-Dec-2025 22:18:41 Asia/Jakarta] PHP Fatal error:  Uncaught Error: mysqli_stmt object is already closed in C:\laragon\www\projeks3\actions\drop\drop_update_item_status.php:203
Stack trace:
#0 C:\laragon\www\projeks3\actions\drop\drop_update_item_status.php(203): mysqli_stmt->close()
#1 {main}
  thrown in C:\laragon\www\projeks3\actions\drop\drop_update_item_status.php on line 203
[06-Dec-2025 15:31:22 UTC] [2025-12-06 15:31:22] === DROP_EDIT START ===
[06-Dec-2025 15:31:22 UTC] [2025-12-06 15:31:22] Checking db.php at: C:\laragon\www\projeks3\actions\drop/../../db.php
[06-Dec-2025 22:31:22 Asia/Jakarta] [2025-12-06 22:31:22] db.php included successfully
[06-Dec-2025 22:31:22 Asia/Jakarta] [2025-12-06 22:31:22] Database connected successfully
[06-Dec-2025 22:31:22 Asia/Jakarta] [2025-12-06 22:31:22] POST data received
Array
(
    [drop_id] => 8
    [customer_id] => 38
    [customer_name] => Aril
    [phone_number] => 08990281476
    [items] => Array
        (
            [1] => Array
                (
                    [item_id] => 13
                    [brand] => Nike Air Max
                    [service_id] => 3
                    [price] => 40000
                    [duration] => 4
                    [trans_date] => 2025-12-06
                    [est_finish_date] => 2025-12-10
                    [status_id] => 3
                    [notes] => ssadasdasdsd
                )

        )

    [total_amount] => 40000
    [max_duration] => 4
    [est_finish_date] => 2025-12-10
    [payment_status] => Lunas
    [payment_date] => 2025-12-06
    [payment_method] => Tunai
    [amount_paid] => 70000
    [employee_id] => 44
    [note] => 
)

[06-Dec-2025 22:31:22 Asia/Jakarta] [2025-12-06 22:31:22] Step 1: Validating required fields
[06-Dec-2025 22:31:22 Asia/Jakarta] [2025-12-06 22:31:22] Validation passed
[06-Dec-2025 22:31:22 Asia/Jakarta] [2025-12-06 22:31:22] Step 2: Starting transaction
[06-Dec-2025 22:31:22 Asia/Jakarta] [2025-12-06 22:31:22] Drop ID: 8
[06-Dec-2025 22:31:22 Asia/Jakarta] [2025-12-06 22:31:22] Step 3: Fetching existing drop data
[06-Dec-2025 22:31:22 Asia/Jakarta] [2025-12-06 22:31:22] Existing drop data
Array
(
    [id_drop] => 8
    [order_code] => ORD2512-31601498
    [customer_id] => 38
    [service_id] => 3
    [brand] => Nike Air Max
    [trans_date] => 2025-12-06
    [est_finish_date] => 2025-12-10
    [actual_finish_date] => 
    [total_amount] => 40000.00
    [total_items] => 1
    [employee_id] => 44
    [customer_phone] => 08990281476
    [notes] => 
    [note] => 
    [created_at] => 2025-12-06 21:33:21
    [updated_at] => 2025-12-06 21:33:21
    [customer_name] => Aril
    [id_customer] => 38
)

[06-Dec-2025 22:31:22 Asia/Jakarta] [2025-12-06 22:31:22] Step 4: Processing customer data
[06-Dec-2025 22:31:22 Asia/Jakarta] [2025-12-06 22:31:22] Customer info
Array
(
    [name] => Aril
    [phone] => 08990281476
)

[06-Dec-2025 22:31:22 Asia/Jakarta] [2025-12-06 22:31:22] Using existing customer ID: 38
[06-Dec-2025 22:31:22 Asia/Jakarta] [2025-12-06 22:31:22] Step 5: Processing form data
[06-Dec-2025 22:31:22 Asia/Jakarta] [2025-12-06 22:31:22] Form data
Array
(
    [employee_id] => 44
    [total_amount] => 40000
    [payment_status] => Lunas
    [item_count] => 1
)

[06-Dec-2025 22:31:22 Asia/Jakarta] [2025-12-06 22:31:22] Calculated dates
Array
(
    [trans_date] => 2025-12-06
    [max_duration] => 4
    [est_finish_date] => 2025-12-10
)

[06-Dec-2025 22:31:22 Asia/Jakarta] [2025-12-06 22:31:22] Step 6: Updating drop order
[06-Dec-2025 22:31:22 Asia/Jakarta] [2025-12-06 22:31:22] Drop order updated successfully
[06-Dec-2025 22:31:22 Asia/Jakarta] [2025-12-06 22:31:22] Step 7: Deleting old items
[06-Dec-2025 22:31:22 Asia/Jakarta] [2025-12-06 22:31:22] Deleted 1 old items
[06-Dec-2025 22:31:22 Asia/Jakarta] [2025-12-06 22:31:22] Step 8: Inserting new items
[06-Dec-2025 22:31:22 Asia/Jakarta] [2025-12-06 22:31:22] Processing item #2
Array
(
    [item_id] => 13
    [brand] => Nike Air Max
    [service_id] => 3
    [price] => 40000
    [duration] => 4
    [trans_date] => 2025-12-06
    [est_finish_date] => 2025-12-10
    [status_id] => 3
    [notes] => ssadasdasdsd
)

[06-Dec-2025 22:31:22 Asia/Jakarta] [2025-12-06 22:31:22] Item #1 inserted with ID: 14
[06-Dec-2025 22:31:22 Asia/Jakarta] [2025-12-06 22:31:22] Step 9: Updating payment
[06-Dec-2025 22:31:22 Asia/Jakarta] [2025-12-06 22:31:22] Updating existing payment
[06-Dec-2025 22:31:22 Asia/Jakarta] [2025-12-06 22:31:22] Payment updated successfully
[06-Dec-2025 22:31:22 Asia/Jakarta] [2025-12-06 22:31:22] Step 10: Updating deadline
[06-Dec-2025 22:31:22 Asia/Jakarta] [2025-12-06 22:31:22] Updating existing deadline
[06-Dec-2025 22:31:22 Asia/Jakarta] [2025-12-06 22:31:22] Deadline updated successfully
[06-Dec-2025 22:31:22 Asia/Jakarta] [2025-12-06 22:31:22] Step 11: Committing transaction
[06-Dec-2025 22:31:22 Asia/Jakarta] [2025-12-06 22:31:22] Transaction committed successfully
[06-Dec-2025 22:31:22 Asia/Jakarta] [2025-12-06 22:31:22] SUCCESS
Array
(
    [success] => 1
    [message] => Pesanan berhasil diupdate
    [drop_id] => 8
    [customer_id] => 38
    [item_count] => 1
)

[06-Dec-2025 22:31:22 Asia/Jakarta] [2025-12-06 22:31:22] === DROP_EDIT END ===

